current directory: /mnt/teclado_hp/aplicaciones_linux/psychenudo-puebla .github.io/vendor/bundle/ruby/3.3.0/gems/prism-1.9.0/ext/prism
/usr/bin/ruby3.3 -I/usr/lib/ruby/vendor_ruby extconf.rb
checking for prism.h in /mnt/teclado_hp/aplicaciones_linux/psychenudo-puebla .github.io/vendor/bundle/ruby/3.3.0/gems/prism-1.9.0/include... yes
checking for prism/extension.h in /mnt/teclado_hp/aplicaciones_linux/psychenudo-puebla .github.io/vendor/bundle/ruby/3.3.0/gems/prism-1.9.0/ext... yes
checking for whether -fvisibility=hidden is accepted as CFLAGS... yes
creating Makefile

current directory: /mnt/teclado_hp/aplicaciones_linux/psychenudo-puebla .github.io/vendor/bundle/ruby/3.3.0/gems/prism-1.9.0/ext/prism
make DESTDIR\= sitearchdir\=./.gem.20260617-6852-mvcuyk sitelibdir\=./.gem.20260617-6852-mvcuyk clean

current directory: /mnt/teclado_hp/aplicaciones_linux/psychenudo-puebla .github.io/vendor/bundle/ruby/3.3.0/gems/prism-1.9.0/ext/prism
make DESTDIR\= sitearchdir\=./.gem.20260617-6852-mvcuyk sitelibdir\=./.gem.20260617-6852-mvcuyk
compiling api_node.c
compiling api_pack.c
compiling ./../../src/diagnostic.c
compiling ./../../src/encoding.c
compiling extension.c
compiling ./../../src/node.c
compiling ./../../src/options.c
compiling ./../../src/pack.c
compiling ./../../src/util/pm_buffer.c
compiling ./../../src/util/pm_char.c
compiling ./../../src/util/pm_constant_pool.c
compiling ./../../src/util/pm_integer.c
compiling ./../../src/util/pm_list.c
compiling ./../../src/util/pm_memchr.c
compiling ./../../src/util/pm_newline_list.c
compiling ./../../src/util/pm_string.c
compiling ./../../src/util/pm_strncasecmp.c
compiling ./../../src/util/pm_strpbrk.c
compiling ./../../src/prettyprint.c
compiling ./../../src/prism.c
compiling ./../../src/regexp.c
compiling ./../../src/serialize.c
compiling ./../../src/static_literals.c
compiling ./../../src/token_type.c
linking shared-object prism/prism.so

current directory: /mnt/teclado_hp/aplicaciones_linux/psychenudo-puebla .github.io/vendor/bundle/ruby/3.3.0/gems/prism-1.9.0/ext/prism
make DESTDIR\= sitearchdir\=./.gem.20260617-6852-mvcuyk sitelibdir\=./.gem.20260617-6852-mvcuyk install
/usr/bin/install -c -m 0755 prism.so ./.gem.20260617-6852-mvcuyk/prism

current directory: /mnt/teclado_hp/aplicaciones_linux/psychenudo-puebla .github.io/vendor/bundle/ruby/3.3.0/gems/prism-1.9.0/ext/prism
make DESTDIR\= sitearchdir\=./.gem.20260617-6852-mvcuyk sitelibdir\=./.gem.20260617-6852-mvcuyk clean
